0000-                  4               .sf example_LADR.sym
0000-                  5               .in ca80.inc
0000-            I     1                               ; ciagle uzupelniam ...
00E0-            I     2       USER8255        .eq             $E0
0000-            I     3       PA                      .eq             0
0001-            I     4       PB                      .eq             1
0002-            I     5       PC                      .eq             2
0003-            I     6       CTRL            .eq             3
0000-            I     7                               ;
FFF7-            I     8       CYF0        .eq $FFF7
FFF8-            I     9       CYF1        .eq $FFF8
FFF9-            I    10       CYF2        .eq $FFF9
FFFA-            I    11       CYF3        .eq $FFFA
FFFB-            I    12       CYF4        .eq $FFFB
FFFC-            I    13       CYF5        .eq $FFFC
FFFD-            I    14       CYF6        .eq $FFFD
FFFE-            I    15       CYF7        .eq $FFFE
0000-            I    16
0010-            I    17       CLR                 .eq $0010   ; CLR - kasowanie wyswietlacza
0018-            I    18       LBYTE       .eq $0018   ; LBYTE - wyswietlenie Aku w HEX
0020-            I    19       LADR        .eq $0020   ; LADR - wyswietlenie HL w HEX
022D-            I    20       CZAS        .eq $022D   ; CZAS - pokazuje czas/date
01AB-            I    21       COM                 .eq $01AB   ; COM - pokazuje znak 7-seg z rejestru C
01D4-            I    22       PRINT       .eq $01D4   ; PRINT - drukuje komunikat z (HL)
0213-            I    23       EXPR        .eq $0213   ; EXPR - pobranie ciagu liczb 16bit na stos
FFC3-            I    24       CSTS        .eq $FFC3   ; CSTS - test czy klawisz nacisniety
FFC6-            I    25       CI          .eq $FFC6   ; CI - pobranie znaku z klawiatury
01E0-            I    26       CO          .eq $01E0   ; CO - wyswietlenie cyfry hex
0000-            I    27                   ;
00FF-            I    28       EOM         .eq $FF
0000-            I    29
0000-            I    30
0000-                  6               .sm code                ;
C000-                  7               .or $c000               ; U12/C000
C000-31 66 FF          8 ( 10)                 ld  SP,$ff66                ;
C003-                  9                       ;
C003-                 10       .begin
C003-06 10            11 (  7)                 ld B,bytesTableLength   ; B-licznik elementów tabeli
C005-21 1A C0         12 ( 10)                 ld HL,bytesTable        ; adres tabeli bajtow
C008-                 13       .loop
C008-CD 20 00         14 ( 17)         call LADR                   ; pokaż adres elementu
C00B-44               15               .db $44                     ; po lewej stronie
C00C-7E               16 (  7)                 ld A,(HL)                       ; wez element tabeli
C00D-CD 18 00         17 ( 17)                 call LBYTE                  ; pokaż wartość
C010-20               18                       .db $20                     ; po prawej
C011-CD 2A C0         19 ( 17)                 call delay                  ; opóznienie
C014-23               20 (  6)                 inc HL                      ; indeks++
C015-10 F1            21 ( 8+)                 djnz .loop                  ; while (--licznik)
C017-C3 03 C0         22 ( 10)                 jp .begin
C01A-                 23               ;
C01A-                 24       bytesTable:
C01A-00 11 22 33 
     44 55 66 77      25               .db $00,$11,$22,$33,$44,$55,$66,$77
C022-88 99 AA BB 
     CC DD EE FF      26               .db $88,$99,$aa,$bb,$cc,$dd,$ee,$ff
0010-                 27       bytesTableLength    .eq $-bytesTable
C02A-                 28               ;
C02A-C5               29 ( 11) delay:  push    BC
C02B-F5               30 ( 11)         push    AF
C02C-06 50            31 (  7)         ld      B,$50
C02E-                 32       .delay
C02E-76               33 (  4)         halt            ; 2ms
C02F-10 FD            34 ( 8+)         djnz    .delay  ; while( --B )
C031-F1               35 ( 10)         pop     AF
C032-C1               36 ( 10)         pop     BC
C033-C9               37 ( 10)         ret
C034-                 38
C034-                 39                       ;
C034-                 40
